[2026-08-11T11:25:06.289Z] COMPANY: "Aegis Logistics Ltd" | QUERIES: ["Aegis Logistics Ltd" official website] | CANDIDATES: [https://aegislogistics.com] | SELECTED: "https://aegislogistics.com" | CONFIDENCE: HIGH | TIME: 1ms | REASON: Resolved via readymade-fallback
[2026-08-11T11:25:16.952Z] COMPANY: "Utique Enterprises Ltd" | QUERIES: ["Utique Enterprises Ltd" official website] | CANDIDATES: [https://utiqueshop.com] | SELECTED: "https://utiqueshop.com" | CONFIDENCE: HIGH | TIME: 0ms | REASON: Resolved via readymade-fallback
[2026-08-11T11:25:25.925Z] COMPANY: "Bombay Dyeing & Manufacturing Company Ltd" | QUERIES: ["Bombay Dyeing & Manufacturing Company Ltd" official website] | CANDIDATES: [https://bombaydyeing.com] | SELECTED: "https://bombaydyeing.com" | CONFIDENCE: HIGH | TIME: 0ms | REASON: Resolved via readymade-fallback
[2026-08-11T11:25:43.491Z] COMPANY: "Asian Hotels (North) Ltd" | QUERIES: ["Asian Hotels (North) Ltd" official website] | CANDIDATES: [https://asianhotelsnorth.com] | SELECTED: "https://asianhotelsnorth.com" | CONFIDENCE: HIGH | TIME: 0ms | REASON: Resolved via readymade-fallback
[2026-08-11T11:25:54.534Z] COMPANY: "Atul Ltd" | QUERIES: ["Atul Ltd" official website] | CANDIDATES: [https://atulsongaday.me] | SELECTED: "https://atulsongaday.me" | CONFIDENCE: HIGH | TIME: 0ms | REASON: Resolved via readymade-fallback
[2026-08-11T11:26:03.839Z] COMPANY: "Bajaj Electricals Ltd" | QUERIES: ["Bajaj Electricals Ltd" official website] | CANDIDATES: [https://bajajelectricals.com] | SELECTED: "https://bajajelectricals.com" | CONFIDENCE: HIGH | TIME: 0ms | REASON: Resolved via readymade-fallback
[2026-08-11T11:26:25.003Z] COMPANY: "Bajaj Hindusthan Sugar Ltd" | QUERIES: ["Bajaj Hindusthan Sugar Ltd" official website] | CANDIDATES: [https://bajajhindusthan.com] | SELECTED: "https://bajajhindusthan.com" | CONFIDENCE: HIGH | TIME: 0ms | REASON: Resolved via readymade-fallback
[2026-08-11T11:28:45.827Z] COMPANY: "Force Motors Ltd" | QUERIES: ["Force Motors Ltd" official website] | CANDIDATES: [https://forcemotors.com] | SELECTED: "https://forcemotors.com" | CONFIDENCE: HIGH | TIME: 0ms | REASON: Resolved via readymade-fallback
[2026-08-11T11:28:50.979Z] COMPANY: "Bajaj Finance Ltd" | QUERIES: ["Bajaj Finance Ltd" official website] | CANDIDATES: [https://bajajhousingfinance.in] | SELECTED: "https://bajajhousingfinance.in" | CONFIDENCE: HIGH | TIME: 0ms | REASON: Resolved via readymade-fallback
[2026-08-11T11:29:15.514Z] COMPANY: "Balrampur Chini Mills Ltd" | QUERIES: ["Balrampur Chini Mills Ltd" official website] | CANDIDATES: [https://chini.com] | SELECTED: "https://chini.com" | CONFIDENCE: HIGH | TIME: 0ms | REASON: Resolved via readymade-fallback
[2026-08-11T11:29:19.164Z] COMPANY: "BEML Ltd" | QUERIES: ["BEML Ltd" official website] | CANDIDATES: [https://bemlindia.in] | SELECTED: "https://bemlindia.in" | CONFIDENCE: HIGH | TIME: 0ms | REASON: Resolved via readymade-fallback
[2026-08-11T11:29:52.051Z] COMPANY: "Bharat Electronics Ltd" | QUERIES: ["Bharat Electronics Ltd" official website] | CANDIDATES: [https://beil.co.in] | SELECTED: "https://beil.co.in" | CONFIDENCE: HIGH | TIME: 0ms | REASON: Resolved via readymade-fallback
[2026-08-11T11:29:54.192Z] COMPANY: "Bhansali Engineering Polymers Ltd" | QUERIES: ["Bhansali Engineering Polymers Ltd" official website] | CANDIDATES: [https://bhansaliabs.com] | SELECTED: "https://bhansaliabs.com" | CONFIDENCE: HIGH | TIME: 0ms | REASON: Resolved via readymade-fallback
[2026-08-11T11:30:18.933Z] COMPANY: "Birla Cable Ltd" | QUERIES: ["Birla Cable Ltd" official website] | CANDIDATES: [https://birlacable.com] | SELECTED: "https://birlacable.com" | CONFIDENCE: HIGH | TIME: 1ms | REASON: Resolved via readymade-fallback
[2026-08-11T11:30:34.614Z] COMPANY: "Blue Star Ltd" | QUERIES: ["Blue Star Ltd" official website] | CANDIDATES: [https://bluestarindia.com] | SELECTED: "https://bluestarindia.com" | CONFIDENCE: HIGH | TIME: 0ms | REASON: Resolved via readymade-fallback
[2026-08-11T11:30:47.941Z] COMPANY: "Disa India Ltd" | QUERIES: ["Disa India Ltd" official website] | CANDIDATES: [https://disa-india.com] | SELECTED: "https://disa-india.com" | CONFIDENCE: HIGH | TIME: 0ms | REASON: Resolved via readymade-fallback
[2026-08-11T11:30:49.606Z] COMPANY: "BPL Ltd" | QUERIES: ["BPL Ltd" official website] | CANDIDATES: [https://bpl.org] | SELECTED: "https://bpl.org" | CONFIDENCE: HIGH | TIME: 0ms | REASON: Resolved via readymade-fallback
[2026-08-11T11:31:00.838Z] COMPANY: "Oriental Aromatics Ltd" | QUERIES: ["Oriental Aromatics Ltd" official website] | CANDIDATES: [https://orientalaromatics.com] | SELECTED: "https://orientalaromatics.com" | CONFIDENCE: HIGH | TIME: 0ms | REASON: Resolved via readymade-fallback
[2026-08-11T11:31:11.173Z] COMPANY: "Century Extrusions Ltd" | QUERIES: ["Century Extrusions Ltd" official website] | CANDIDATES: [https://centuryextrusions.com] | SELECTED: "https://centuryextrusions.com" | CONFIDENCE: HIGH | TIME: 0ms | REASON: Resolved via readymade-fallback
[2026-08-11T11:31:26.662Z] COMPANY: "CESC Ltd" | QUERIES: ["CESC Ltd" official website] | CANDIDATES: [https://cesc.co.in] | SELECTED: "https://cesc.co.in" | CONFIDENCE: HIGH | TIME: 0ms | REASON: Resolved via readymade-fallback
[2026-08-11T11:31:34.471Z] COMPANY: "Chambal Fertilisers & Chemicals Ltd" | QUERIES: ["Chambal Fertilisers & Chemicals Ltd" official website] | CANDIDATES: [https://chambalfertilisers.com] | SELECTED: "https://chambalfertilisers.com" | CONFIDENCE: HIGH | TIME: 0ms | REASON: Resolved via readymade-fallback
[2026-08-11T11:31:46.278Z] COMPANY: "Exide Industries Ltd" | QUERIES: ["Exide Industries Ltd" official website] | CANDIDATES: [https://exideindustries.com] | SELECTED: "https://exideindustries.com" | CONFIDENCE: HIGH | TIME: 0ms | REASON: Resolved via readymade-fallback
[2026-08-11T11:31:53.045Z] COMPANY: "Cipla Ltd" | QUERIES: ["Cipla Ltd" official website] | CANDIDATES: [https://cipla.com] | SELECTED: "https://cipla.com" | CONFIDENCE: HIGH | TIME: 0ms | REASON: Resolved via readymade-fallback
[2026-08-11T11:32:04.661Z] COMPANY: "DIC India Ltd" | QUERIES: ["DIC India Ltd" official website] | CANDIDATES: [https://dicindialtd.co] | SELECTED: "https://dicindialtd.co" | CONFIDENCE: HIGH | TIME: 0ms | REASON: Resolved via readymade-fallback
[2026-08-11T11:32:07.645Z] COMPANY: "Crisil Ltd" | QUERIES: ["Crisil Ltd" official website] | CANDIDATES: [https://crisil.com] | SELECTED: "https://crisil.com" | CONFIDENCE: HIGH | TIME: 0ms | REASON: Resolved via readymade-fallback
[2026-08-11T11:32:22.638Z] COMPANY: "CG Power and Industrial Solutions Ltd" | QUERIES: ["CG Power and Industrial Solutions Ltd" official website] | CANDIDATES: [https://cgglobal.com] | SELECTED: "https://cgglobal.com" | CONFIDENCE: HIGH | TIME: 0ms | REASON: Resolved via readymade-fallback
[2026-08-11T11:32:42.181Z] COMPANY: "Dabur India Ltd" | QUERIES: ["Dabur India Ltd" official website] | CANDIDATES: [https://dabur.com] | SELECTED: "https://dabur.com" | CONFIDENCE: HIGH | TIME: 0ms | REASON: Resolved via readymade-fallback
[2026-08-11T11:32:46.219Z] COMPANY: "Arvind Ltd" | QUERIES: ["Arvind Ltd" official website] | CANDIDATES: [https://arvind.com] | SELECTED: "https://arvind.com" | CONFIDENCE: HIGH | TIME: 0ms | REASON: Resolved via readymade-fallback
[2026-08-11T11:33:02.161Z] COMPANY: "Bharat Heavy Electricals Ltd" | QUERIES: ["Bharat Heavy Electricals Ltd" official website] | CANDIDATES: [https://bhel.com] | SELECTED: "https://bhel.com" | CONFIDENCE: HIGH | TIME: 0ms | REASON: Resolved via readymade-fallback
[2026-08-11T11:34:05.971Z] COMPANY: "Hindustan Petroleum Corporation Ltd" | QUERIES: ["Hindustan Petroleum Corporation Ltd" official website] | CANDIDATES: [https://hindustanpetroleum.com] | SELECTED: "https://hindustanpetroleum.com" | CONFIDENCE: HIGH | TIME: 0ms | REASON: Resolved via readymade-fallback
[2026-08-11T11:34:08.140Z] COMPANY: "IFCI Ltd" | QUERIES: ["IFCI Ltd" official website] | CANDIDATES: [https://ifciltd.com] | SELECTED: "https://ifciltd.com" | CONFIDENCE: HIGH | TIME: 0ms | REASON: Resolved via readymade-fallback
[2026-08-11T11:34:16.254Z] COMPANY: "Mangalore Refinery and Petrochemicals Ltd" | QUERIES: ["Mangalore Refinery and Petrochemicals Ltd" official website] | CANDIDATES: [https://mrpl.co.in] | SELECTED: "https://mrpl.co.in" | CONFIDENCE: HIGH | TIME: 0ms | REASON: Resolved via readymade-fallback
[2026-08-11T11:34:23.568Z] COMPANY: "State Bank of India" | QUERIES: ["State Bank of India" official website] | CANDIDATES: [https://onlinesbi.sbi] | SELECTED: "https://onlinesbi.sbi" | CONFIDENCE: HIGH | TIME: 0ms | REASON: Resolved via readymade-fallback
[2026-08-11T11:34:40.248Z] COMPANY: "Steel Authority of India Ltd" | QUERIES: ["Steel Authority of India Ltd" official website] | CANDIDATES: [https://sail.co.in] | SELECTED: "https://sail.co.in" | CONFIDENCE: HIGH | TIME: 0ms | REASON: Resolved via readymade-fallback
[2026-08-11T11:35:17.765Z] COMPANY: "Titan Company Ltd" | QUERIES: ["Titan Company Ltd" official website] | CANDIDATES: [https://titancompany.in] | SELECTED: "https://titancompany.in" | CONFIDENCE: HIGH | TIME: 0ms | REASON: Resolved via readymade-fallback
[2026-08-11T11:35:19.930Z] COMPANY: "IDBI Bank Ltd" | QUERIES: ["IDBI Bank Ltd" official website] | CANDIDATES: [https://idbibank.in] | SELECTED: "https://idbibank.in" | CONFIDENCE: HIGH | TIME: 0ms | REASON: Resolved via readymade-fallback
[2026-08-11T11:35:20.988Z] COMPANY: "DCW Ltd" | QUERIES: ["DCW Ltd" official website] | CANDIDATES: [https://dcwltd.com] | SELECTED: "https://dcwltd.com" | CONFIDENCE: HIGH | TIME: 0ms | REASON: Resolved via readymade-fallback
[2026-08-11T11:35:24.541Z] COMPANY: "Dhampur Sugar Mills Ltd" | QUERIES: ["Dhampur Sugar Mills Ltd" official website] | CANDIDATES: [https://dhampursugar.com] | SELECTED: "https://dhampursugar.com" | CONFIDENCE: HIGH | TIME: 0ms | REASON: Resolved via readymade-fallback
[2026-08-11T11:35:41.554Z] COMPANY: "Dr Reddys Laboratories Ltd" | QUERIES: ["Dr Reddys Laboratories Ltd" official website] | CANDIDATES: [https://drreddys.com] | SELECTED: "https://drreddys.com" | CONFIDENCE: HIGH | TIME: 0ms | REASON: Resolved via readymade-fallback
[2026-08-11T11:36:06.089Z] COMPANY: "EID Parry India Ltd" | QUERIES: ["EID Parry India Ltd" official website] | CANDIDATES: [https://eidparry.com] | SELECTED: "https://eidparry.com" | CONFIDENCE: HIGH | TIME: 0ms | REASON: Resolved via readymade-fallback
[2026-08-11T11:36:29.679Z] COMPANY: "Procter & Gamble Health Ltd" | QUERIES: ["Procter & Gamble Health Ltd" official website] | CANDIDATES: [https://pg.com] | SELECTED: "https://pg.com" | CONFIDENCE: HIGH | TIME: 0ms | REASON: Resolved via readymade-fallback
[2026-08-11T11:37:00.589Z] COMPANY: "EPL Ltd" | QUERIES: ["EPL Ltd" official website] | CANDIDATES: [https://eplglobal.com] | SELECTED: "https://eplglobal.com" | CONFIDENCE: HIGH | TIME: 0ms | REASON: Resolved via readymade-fallback
[2026-08-11T11:37:13.844Z] COMPANY: "Ester Industries Ltd" | QUERIES: ["Ester Industries Ltd" official website] | CANDIDATES: [https://ester.co] | SELECTED: "https://ester.co" | CONFIDENCE: HIGH | TIME: 0ms | REASON: Resolved via readymade-fallback
[2026-08-11T11:39:35.287Z] COMPANY: "FGP Ltd" | QUERIES: ["FGP Ltd" official website] | CANDIDATES: [https://fgpltd.co.uk] | SELECTED: "https://fgpltd.co.uk" | CONFIDENCE: HIGH | TIME: 0ms | REASON: Resolved via readymade-fallback
[2026-08-11T11:39:43.446Z] COMPANY: "PH Capital Ltd" | QUERIES: ["PH Capital Ltd" official website] | CANDIDATES: [https://phoenix.edu] | SELECTED: "https://phoenix.edu" | CONFIDENCE: HIGH | TIME: 0ms | REASON: Resolved via readymade-fallback
[2026-08-11T11:39:48.161Z] COMPANY: "John Cockerill India Ltd" | QUERIES: ["John Cockerill India Ltd" official website] | CANDIDATES: [https://johncockerillindia.com] | SELECTED: "https://johncockerillindia.com" | CONFIDENCE: HIGH | TIME: 0ms | REASON: Resolved via readymade-fallback
[2026-08-11T11:40:08.828Z] COMPANY: "Uflex Ltd" | QUERIES: ["Uflex Ltd" official website] | CANDIDATES: [https://uflexltd.com] | SELECTED: "https://uflexltd.com" | CONFIDENCE: HIGH | TIME: 0ms | REASON: Resolved via readymade-fallback
[2026-08-11T11:40:24.794Z] COMPANY: "Foseco India Ltd" | QUERIES: ["Foseco India Ltd" official website] | CANDIDATES: [https://fosecoindia.com] | SELECTED: "https://fosecoindia.com" | CONFIDENCE: HIGH | TIME: 0ms | REASON: Resolved via readymade-fallback
[2026-08-11T11:40:34.703Z] COMPANY: "Golden Tobacco Ltd" | QUERIES: ["Golden Tobacco Ltd" official website] | CANDIDATES: [https://goldentobacco.in] | SELECTED: "https://goldentobacco.in" | CONFIDENCE: HIGH | TIME: 1ms | REASON: Resolved via readymade-fallback
[2026-08-11T11:40:47.182Z] COMPANY: "Ganesh Benzoplast Ltd" | QUERIES: ["Ganesh Benzoplast Ltd" official website] | CANDIDATES: [https://ganeshbenzoplast.com] | SELECTED: "https://ganeshbenzoplast.com" | CONFIDENCE: HIGH | TIME: 0ms | REASON: Resolved via readymade-fallback
[2026-08-11T11:41:02.655Z] COMPANY: "Metroglobal Ltd" | QUERIES: ["Metroglobal Ltd" official website] | CANDIDATES: [https://metrogloballimited.com] | SELECTED: "https://metrogloballimited.com" | CONFIDENCE: HIGH | TIME: 0ms | REASON: Resolved via readymade-fallback
[2026-08-11T11:43:25.307Z] COMPANY: "GTL Ltd" | QUERIES: ["GTL Ltd" official website] | CANDIDATES: [https://gtlaw.com] | SELECTED: "https://gtlaw.com" | CONFIDENCE: HIGH | TIME: 0ms | REASON: Resolved via readymade-fallback
[2026-08-11T11:43:26.299Z] COMPANY: "Godrej Industries Ltd" | QUERIES: ["Godrej Industries Ltd" official website] | CANDIDATES: [https://godrej.com] | SELECTED: "https://godrej.com" | CONFIDENCE: HIGH | TIME: 0ms | REASON: Resolved via readymade-fallback
[2026-08-11T11:43:26.799Z] COMPANY: "Kansai Nerolac Paints Ltd" | QUERIES: ["Kansai Nerolac Paints Ltd" official website] | CANDIDATES: [https://nerolacbd.com] | SELECTED: "https://nerolacbd.com" | CONFIDENCE: HIGH | TIME: 0ms | REASON: Resolved via readymade-fallback
[2026-08-11T11:43:59.799Z] COMPANY: "Goodricke Group Ltd" | QUERIES: ["Goodricke Group Ltd" official website] | CANDIDATES: [https://goodricketea.com] | SELECTED: "https://goodricketea.com" | CONFIDENCE: HIGH | TIME: 0ms | REASON: Resolved via readymade-fallback
[2026-08-11T11:44:06.637Z] COMPANY: "GTN Industries Ltd" | QUERIES: ["GTN Industries Ltd" official website] | CANDIDATES: [https://gtnf.org] | SELECTED: "https://gtnf.org" | CONFIDENCE: HIGH | TIME: 0ms | REASON: Resolved via readymade-fallback
[2026-08-11T11:44:20.650Z] COMPANY: "GHCL Ltd" | QUERIES: ["GHCL Ltd" official website] | CANDIDATES: [https://ghc.sa] | SELECTED: "https://ghc.sa" | CONFIDENCE: HIGH | TIME: 0ms | REASON: Resolved via readymade-fallback
[2026-08-11T11:44:26.325Z] COMPANY: "GFL Ltd" | QUERIES: ["GFL Ltd" official website] | CANDIDATES: [https://gflenv.com] | SELECTED: "https://gflenv.com" | CONFIDENCE: HIGH | TIME: 0ms | REASON: Resolved via readymade-fallback
[2026-08-11T11:44:28.026Z] COMPANY: "HCL Infosystems Ltd" | QUERIES: ["HCL Infosystems Ltd" official website] | CANDIDATES: [https://hclinfosystems.in] | SELECTED: "https://hclinfosystems.in" | CONFIDENCE: HIGH | TIME: 0ms | REASON: Resolved via readymade-fallback
[2026-08-11T11:44:55.091Z] COMPANY: "HDFC Bank Ltd" | QUERIES: ["HDFC Bank Ltd" official website] | CANDIDATES: [https://hdfcbank.com] | SELECTED: "https://hdfcbank.com" | CONFIDENCE: HIGH | TIME: 0ms | REASON: Resolved via readymade-fallback
[2026-08-11T11:45:22.154Z] COMPANY: "Hero MotoCorp Ltd" | QUERIES: ["Hero MotoCorp Ltd" official website] | CANDIDATES: [https://heromotocorp.com] | SELECTED: "https://heromotocorp.com" | CONFIDENCE: HIGH | TIME: 0ms | REASON: Resolved via readymade-fallback
[2026-08-11T11:45:41.214Z] COMPANY: "HFCL Ltd" | QUERIES: ["HFCL Ltd" official website] | CANDIDATES: [https://hfcl.com] | SELECTED: "https://hfcl.com" | CONFIDENCE: HIGH | TIME: 0ms | REASON: Resolved via readymade-fallback
[2026-08-11T11:45:58.959Z] COMPANY: "Himadri Speciality Chemical Ltd" | QUERIES: ["Himadri Speciality Chemical Ltd" official website] | CANDIDATES: [https://himadri.com] | SELECTED: "https://himadri.com" | CONFIDENCE: HIGH | TIME: 0ms | REASON: Resolved via readymade-fallback
[2026-08-11T11:46:29.600Z] COMPANY: "Hindustan Construction Company Ltd" | QUERIES: ["Hindustan Construction Company Ltd" official website] | CANDIDATES: [https://hccindia.com] | SELECTED: "https://hccindia.com" | CONFIDENCE: HIGH | TIME: 0ms | REASON: Resolved via readymade-fallback
[2026-08-11T11:46:36.520Z] COMPANY: "Agi Greenpac Ltd" | QUERIES: ["Agi Greenpac Ltd" official website] | CANDIDATES: [https://agigreenpac.com] | SELECTED: "https://agigreenpac.com" | CONFIDENCE: HIGH | TIME: 0ms | REASON: Resolved via readymade-fallback
[2026-08-11T11:46:55.857Z] COMPANY: "Hindustan Zinc Ltd" | QUERIES: ["Hindustan Zinc Ltd" official website] | CANDIDATES: [https://hzlindia.com] | SELECTED: "https://hzlindia.com" | CONFIDENCE: HIGH | TIME: 0ms | REASON: Resolved via readymade-fallback
[2026-08-11T11:47:08.986Z] COMPANY: "HMT Ltd" | QUERIES: ["HMT Ltd" official website] | CANDIDATES: [https://hmtvlive.com] | SELECTED: "https://hmtvlive.com" | CONFIDENCE: HIGH | TIME: 0ms | REASON: Resolved via readymade-fallback
[2026-08-11T11:47:12.435Z] COMPANY: "Prag Bosimi Synthetics Ltd" | QUERIES: ["Prag Bosimi Synthetics Ltd" official website] | CANDIDATES: [https://pragbosimi.com] | SELECTED: "https://pragbosimi.com" | CONFIDENCE: HIGH | TIME: 0ms | REASON: Resolved via readymade-fallback
[2026-08-11T11:47:22.650Z] COMPANY: "HLV Ltd" | QUERIES: ["HLV Ltd" official website] | CANDIDATES: [https://hlv.de] | SELECTED: "https://hlv.de" | CONFIDENCE: HIGH | TIME: 1ms | REASON: Resolved via readymade-fallback
[2026-08-11T11:47:40.939Z] COMPANY: "IG Petrochemicals Ltd" | QUERIES: ["IG Petrochemicals Ltd" official website] | CANDIDATES: [https://igpetro.com] | SELECTED: "https://igpetro.com" | CONFIDENCE: HIGH | TIME: 0ms | REASON: Resolved via readymade-fallback
[2026-08-11T11:48:00.621Z] COMPANY: "India Glycols Ltd" | QUERIES: ["India Glycols Ltd" official website] | CANDIDATES: [https://indiaglycols.com] | SELECTED: "https://indiaglycols.com" | CONFIDENCE: HIGH | TIME: 0ms | REASON: Resolved via readymade-fallback
[2026-08-11T11:48:19.946Z] COMPANY: "Margo Finance Ltd" | QUERIES: ["Margo Finance Ltd" official website] | CANDIDATES: [https://margotelena.com] | SELECTED: "https://margotelena.com" | CONFIDENCE: HIGH | TIME: 0ms | REASON: Resolved via readymade-fallback
[2026-08-11T11:48:52.039Z] COMPANY: "Infosys Ltd" | QUERIES: ["Infosys Ltd" official website] | CANDIDATES: [https://infosys.com] | SELECTED: "https://infosys.com" | CONFIDENCE: HIGH | TIME: 0ms | REASON: Resolved via readymade-fallback
[2026-08-11T11:48:52.318Z] COMPANY: "Ingersoll-Rand (India) Ltd" | QUERIES: ["Ingersoll-Rand (India) Ltd" official website] | CANDIDATES: [https://ingersollrand.com] | SELECTED: "https://ingersollrand.com" | CONFIDENCE: HIGH | TIME: 0ms | REASON: Resolved via readymade-fallback
[2026-08-11T11:48:52.666Z] COMPANY: "International Travel House Ltd" | QUERIES: ["International Travel House Ltd" official website] | CANDIDATES: [https://internationaltravelhouse.in] | SELECTED: "https://internationaltravelhouse.in" | CONFIDENCE: HIGH | TIME: 0ms | REASON: Resolved via readymade-fallback
[2026-08-11T11:51:12.772Z] COMPANY: "Ion Exchange India Ltd" | QUERIES: ["Ion Exchange India Ltd" official website] | CANDIDATES: [https://ionexchangeglobal.com] | SELECTED: "https://ionexchangeglobal.com" | CONFIDENCE: HIGH | TIME: 0ms | REASON: Resolved via readymade-fallback
[2026-08-11T11:53:01.267Z] COMPANY: "Jain Irrigation Systems Ltd" | QUERIES: ["Jain Irrigation Systems Ltd" official website] | CANDIDATES: [https://jains.com] | SELECTED: "https://jains.com" | CONFIDENCE: HIGH | TIME: 0ms | REASON: Resolved via readymade-fallback
[2026-08-11T11:53:06.661Z] COMPANY: "Jasch Industries Ltd" | QUERIES: ["Jasch Industries Ltd" official website] | CANDIDATES: [https://9jaschoolnews.com.ng] | SELECTED: "https://9jaschoolnews.com.ng" | CONFIDENCE: HIGH | TIME: 0ms | REASON: Resolved via readymade-fallback
[2026-08-11T11:53:13.466Z] COMPANY: "Jindal Poly Films Ltd" | QUERIES: ["Jindal Poly Films Ltd" official website] | CANDIDATES: [https://jindalpoly.com] | SELECTED: "https://jindalpoly.com" | CONFIDENCE: HIGH | TIME: 0ms | REASON: Resolved via readymade-fallback
[2026-08-11T11:53:25.644Z] COMPANY: "JSW Steel Ltd" | QUERIES: ["JSW Steel Ltd" official website] | CANDIDATES: [https://jswsteel.in] | SELECTED: "https://jswsteel.in" | CONFIDENCE: HIGH | TIME: 0ms | REASON: Resolved via readymade-fallback
[2026-08-11T11:53:40.906Z] COMPANY: "Kajaria Ceramics Ltd" | QUERIES: ["Kajaria Ceramics Ltd" official website] | CANDIDATES: [https://kajariaceramics.com] | SELECTED: "https://kajariaceramics.com" | CONFIDENCE: HIGH | TIME: 0ms | REASON: Resolved via readymade-fallback
[2026-08-11T11:53:43.878Z] COMPANY: "Kakatiya Cement Sugar & Industries Ltd" | QUERIES: ["Kakatiya Cement Sugar & Industries Ltd" official website] | CANDIDATES: [https://kakatiyacements.com] | SELECTED: "https://kakatiyacements.com" | CONFIDENCE: HIGH | TIME: 0ms | REASON: Resolved via readymade-fallback
[2026-08-11T11:53:50.136Z] COMPANY: "Kanel Industries Ltd" | QUERIES: ["Kanel Industries Ltd" official website] | CANDIDATES: [https://kaneland.org] | SELECTED: "https://kaneland.org" | CONFIDENCE: HIGH | TIME: 0ms | REASON: Resolved via readymade-fallback
[2026-08-11T11:53:56.683Z] COMPANY: "KG Denim Ltd" | QUERIES: ["KG Denim Ltd" official website] | CANDIDATES: [https://kgdenim.com] | SELECTED: "https://kgdenim.com" | CONFIDENCE: HIGH | TIME: 0ms | REASON: Resolved via readymade-fallback
[2026-08-11T11:54:04.490Z] COMPANY: "Kinetic Engineering Ltd" | QUERIES: ["Kinetic Engineering Ltd" official website] | CANDIDATES: [https://kineticengineering.com] | SELECTED: "https://kineticengineering.com" | CONFIDENCE: HIGH | TIME: 0ms | REASON: Resolved via readymade-fallback
[2026-08-11T11:54:14.818Z] COMPANY: "Kirloskar Brothers Ltd" | QUERIES: ["Kirloskar Brothers Ltd" official website] | CANDIDATES: [https://kirloskarpumps.com] | SELECTED: "https://kirloskarpumps.com" | CONFIDENCE: HIGH | TIME: 0ms | REASON: Resolved via readymade-fallback
[2026-08-11T11:54:19.934Z] COMPANY: "Kirloskar Industries Ltd" | QUERIES: ["Kirloskar Industries Ltd" official website] | CANDIDATES: [https://kirloskarpumps.com] | SELECTED: "https://kirloskarpumps.com" | CONFIDENCE: HIGH | TIME: 0ms | REASON: Resolved via readymade-fallback
[2026-08-11T11:54:26.113Z] COMPANY: "Kirloskar Ferrous Industries Ltd" | QUERIES: ["Kirloskar Ferrous Industries Ltd" official website] | CANDIDATES: [https://kirloskarferrous.com] | SELECTED: "https://kirloskarferrous.com" | CONFIDENCE: HIGH | TIME: 0ms | REASON: Resolved via readymade-fallback
[2026-08-11T11:54:47.237Z] COMPANY: "Kotak Mahindra Bank Ltd" | QUERIES: ["Kotak Mahindra Bank Ltd" official website] | CANDIDATES: [https://kotak.com] | SELECTED: "https://kotak.com" | CONFIDENCE: HIGH | TIME: 0ms | REASON: Resolved via readymade-fallback
[2026-08-11T11:54:51.216Z] COMPANY: "KSB Ltd" | QUERIES: ["KSB Ltd" official website] | CANDIDATES: [https://ksbw.com] | SELECTED: "https://ksbw.com" | CONFIDENCE: HIGH | TIME: 0ms | REASON: Resolved via readymade-fallback
[2026-08-11T11:55:09.515Z] COMPANY: "LMW Ltd" | QUERIES: ["LMW Ltd" official website] | CANDIDATES: [https://lebensmittelwarnung.de] | SELECTED: "https://lebensmittelwarnung.de" | CONFIDENCE: HIGH | TIME: 0ms | REASON: Resolved via readymade-fallback
[2026-08-11T11:55:31.510Z] COMPANY: "LIC Housing Finance Ltd" | QUERIES: ["LIC Housing Finance Ltd" official website] | CANDIDATES: [https://lichousing.com] | SELECTED: "https://lichousing.com" | CONFIDENCE: HIGH | TIME: 0ms | REASON: Resolved via readymade-fallback
[2026-08-11T11:55:46.017Z] COMPANY: "Lupin Ltd" | QUERIES: ["Lupin Ltd" official website] | CANDIDATES: [https://lupinepet.com] | SELECTED: "https://lupinepet.com" | CONFIDENCE: HIGH | TIME: 0ms | REASON: Resolved via readymade-fallback
[2026-08-11T11:56:05.103Z] COMPANY: "Lyka Labs Ltd" | QUERIES: ["Lyka Labs Ltd" official website] | CANDIDATES: [https://lykalabs.com] | SELECTED: "https://lykalabs.com" | CONFIDENCE: HIGH | TIME: 0ms | REASON: Resolved via readymade-fallback
[2026-08-11T11:56:18.416Z] COMPANY: "The Ramco Cements Ltd" | QUERIES: ["The Ramco Cements Ltd" official website] | CANDIDATES: [https://ramcocements.in] | SELECTED: "https://ramcocements.in" | CONFIDENCE: HIGH | TIME: 0ms | REASON: Resolved via readymade-fallback
[2026-08-11T11:56:20.667Z] COMPANY: "Hybrid Financial Services Ltd" | QUERIES: ["Hybrid Financial Services Ltd" official website] | CANDIDATES: [https://hybridfinance.co.in] | SELECTED: "https://hybridfinance.co.in" | CONFIDENCE: HIGH | TIME: 0ms | REASON: Resolved via readymade-fallback
[2026-08-11T11:56:30.419Z] COMPANY: "Mafatlal Industries Ltd" | QUERIES: ["Mafatlal Industries Ltd" official website] | CANDIDATES: [https://mafatlals.com] | SELECTED: "https://mafatlals.com" | CONFIDENCE: HIGH | TIME: 0ms | REASON: Resolved via readymade-fallback
[2026-08-11T11:56:56.432Z] COMPANY: "Maharashtra Scooters Ltd" | QUERIES: ["Maharashtra Scooters Ltd" official website] | CANDIDATES: [https://mahascooters.com] | SELECTED: "https://mahascooters.com" | CONFIDENCE: HIGH | TIME: 0ms | REASON: Resolved via readymade-fallback
[2026-08-11T11:56:56.766Z] COMPANY: "Majestic Auto Ltd" | QUERIES: ["Majestic Auto Ltd" official website] | CANDIDATES: [https://majesticautos.com] | SELECTED: "https://majesticautos.com" | CONFIDENCE: HIGH | TIME: 0ms | REASON: Resolved via readymade-fallback
[2026-08-11T11:57:00.331Z] COMPANY: "Manali Petrochemicals Ltd" | QUERIES: ["Manali Petrochemicals Ltd" official website] | CANDIDATES: [https://manalipetro.com] | SELECTED: "https://manalipetro.com" | CONFIDENCE: HIGH | TIME: 0ms | REASON: Resolved via readymade-fallback
[2026-08-11T11:57:19.619Z] COMPANY: "Max Financial Services Ltd" | QUERIES: ["Max Financial Services Ltd" official website] | CANDIDATES: [https://maxfinancialservices.com] | SELECTED: "https://maxfinancialservices.com" | CONFIDENCE: HIGH | TIME: 0ms | REASON: Resolved via readymade-fallback
[2026-08-11T11:57:20.721Z] COMPANY: "Mid India Industries Ltd" | QUERIES: ["Mid India Industries Ltd" official website] | CANDIDATES: [https://midindia.com] | SELECTED: "https://midindia.com" | CONFIDENCE: HIGH | TIME: 0ms | REASON: Resolved via readymade-fallback
[2026-08-11T11:57:31.342Z] COMPANY: "Century Enka Ltd" | QUERIES: ["Century Enka Ltd" official website] | CANDIDATES: [https://centuryenka.com] | SELECTED: "https://centuryenka.com" | CONFIDENCE: HIGH | TIME: 1ms | REASON: Resolved via readymade-fallback
[2026-08-11T11:57:32.985Z] COMPANY: "Lords Chloro Alkali Ltd" | QUERIES: ["Lords Chloro Alkali Ltd" official website] | CANDIDATES: [https://lordschloro.com] | SELECTED: "https://lordschloro.com" | CONFIDENCE: HIGH | TIME: 0ms | REASON: Resolved via readymade-fallback
[2026-08-11T11:57:51.366Z] COMPANY: "Spicejet Ltd" | QUERIES: ["Spicejet Ltd" official website] | CANDIDATES: [https://spicejet.com] | SELECTED: "https://spicejet.com" | CONFIDENCE: HIGH | TIME: 0ms | REASON: Resolved via readymade-fallback
[2026-08-11T11:57:55.162Z] COMPANY: "MRF Ltd" | QUERIES: ["MRF Ltd" official website] | CANDIDATES: [https://mrfood.com] | SELECTED: "https://mrfood.com" | CONFIDENCE: HIGH | TIME: 0ms | REASON: Resolved via readymade-fallback
[2026-08-11T11:58:05.880Z] COMPANY: "HeidelbergCement India Ltd" | QUERIES: ["HeidelbergCement India Ltd" official website] | CANDIDATES: [https://mycemco.com] | SELECTED: "https://mycemco.com" | CONFIDENCE: HIGH | TIME: 0ms | REASON: Resolved via readymade-fallback
[2026-08-11T11:58:12.390Z] COMPANY: "NCC Ltd" | QUERIES: ["NCC Ltd" official website] | CANDIDATES: [https://ncclimited.com] | SELECTED: "https://ncclimited.com" | CONFIDENCE: HIGH | TIME: 0ms | REASON: Resolved via readymade-fallback
[2026-08-11T11:58:14.541Z] COMPANY: "Vedanta Ltd" | QUERIES: ["Vedanta Ltd" official website] | CANDIDATES: [https://vedantalimited.com] | SELECTED: "https://vedantalimited.com" | CONFIDENCE: HIGH | TIME: 0ms | REASON: Resolved via readymade-fallback
[2026-08-11T11:58:34.704Z] COMPANY: "Grasim Industries Ltd" | QUERIES: ["Grasim Industries Ltd" official website] | CANDIDATES: [https://grasim.com] | SELECTED: "https://grasim.com" | CONFIDENCE: HIGH | TIME: 0ms | REASON: Resolved via readymade-fallback
[2026-08-11T11:58:39.719Z] COMPANY: "NIIT Ltd" | QUERIES: ["NIIT Ltd" official website] | CANDIDATES: [https://niit.com] | SELECTED: "https://niit.com" | CONFIDENCE: HIGH | TIME: 0ms | REASON: Resolved via readymade-fallback
[2026-08-11T11:58:57.549Z] COMPANY: "Jaykay Enterprises Ltd" | QUERIES: ["Jaykay Enterprises Ltd" official website] | CANDIDATES: [https://jaykaydowdall.com] | SELECTED: "https://jaykaydowdall.com" | CONFIDENCE: HIGH | TIME: 0ms | REASON: Resolved via readymade-fallback
[2026-08-11T11:58:59.891Z] COMPANY: "Nirlon Ltd" | QUERIES: ["Nirlon Ltd" official website] | CANDIDATES: [https://nirlonkitchenware.com] | SELECTED: "https://nirlonkitchenware.com" | CONFIDENCE: HIGH | TIME: 0ms | REASON: Resolved via readymade-fallback
[2026-08-11T11:59:11.376Z] COMPANY: "Oil and Natural Gas Corporation Ltd" | QUERIES: ["Oil and Natural Gas Corporation Ltd" official website] | CANDIDATES: [https://ongcindia.com] | SELECTED: "https://ongcindia.com" | CONFIDENCE: HIGH | TIME: 0ms | REASON: Resolved via readymade-fallback
[2026-08-11T11:59:28.315Z] COMPANY: "Oriental Hotels Ltd" | QUERIES: ["Oriental Hotels Ltd" official website] | CANDIDATES: [https://oriental-hotels.com] | SELECTED: "https://oriental-hotels.com" | CONFIDENCE: HIGH | TIME: 0ms | REASON: Resolved via readymade-fallback
[2026-08-11T11:59:48.643Z] COMPANY: "Oswal Agro Mills Ltd" | QUERIES: ["Oswal Agro Mills Ltd" official website] | CANDIDATES: [https://oswalagromills.com] | SELECTED: "https://oswalagromills.com" | CONFIDENCE: HIGH | TIME: 0ms | REASON: Resolved via readymade-fallback
[2026-08-11T11:59:59.130Z] COMPANY: "Panyam Cements & Mineral Industries Ltd" | QUERIES: ["Panyam Cements & Mineral Industries Ltd" official website] | CANDIDATES: [https://panyamcements.com] | SELECTED: "https://panyamcements.com" | CONFIDENCE: HIGH | TIME: 0ms | REASON: Resolved via readymade-fallback
[2026-08-11T12:00:08.898Z] COMPANY: "Reliance Industries Ltd" | QUERIES: ["Reliance Industries Ltd" official website] | CANDIDATES: [https://reliancedigital.in] | SELECTED: "https://reliancedigital.in" | CONFIDENCE: HIGH | TIME: 0ms | REASON: Resolved via readymade-fallback
[2026-08-11T12:00:10.570Z] COMPANY: "Raymond Ltd" | QUERIES: ["Raymond Ltd" official website] | CANDIDATES: [https://raymond.in] | SELECTED: "https://raymond.in" | CONFIDENCE: HIGH | TIME: 0ms | REASON: Resolved via readymade-fallback
[2026-08-11T12:00:18.959Z] COMPANY: "Pidilite Industries Ltd" | QUERIES: ["Pidilite Industries Ltd" official website] | CANDIDATES: [https://pidilite.com] | SELECTED: "https://pidilite.com" | CONFIDENCE: HIGH | TIME: 0ms | REASON: Resolved via readymade-fallback
[2026-08-11T12:00:29.652Z] COMPANY: "Pix Transmissions Ltd" | QUERIES: ["Pix Transmissions Ltd" official website] | CANDIDATES: [https://pixtrans.com] | SELECTED: "https://pixtrans.com" | CONFIDENCE: HIGH | TIME: 0ms | REASON: Resolved via readymade-fallback
[2026-08-11T12:00:50.132Z] COMPANY: "Birla Corporation Ltd" | QUERIES: ["Birla Corporation Ltd" official website] | CANDIDATES: [https://birlasoft.com] | SELECTED: "https://birlasoft.com" | CONFIDENCE: HIGH | TIME: 1ms | REASON: Resolved via readymade-fallback
[2026-08-11T12:00:52.172Z] COMPANY: "Surya Roshni Ltd" | QUERIES: ["Surya Roshni Ltd" official website] | CANDIDATES: [https://surya.co.in] | SELECTED: "https://surya.co.in" | CONFIDENCE: HIGH | TIME: 0ms | REASON: Resolved via readymade-fallback
[2026-08-11T12:01:04.521Z] COMPANY: "Prime Securities Ltd" | QUERIES: ["Prime Securities Ltd" official website] | CANDIDATES: [https://primesec.com] | SELECTED: "https://primesec.com" | CONFIDENCE: HIGH | TIME: 0ms | REASON: Resolved via readymade-fallback
[2026-08-11T12:01:27.260Z] COMPANY: "Prism Johnson Ltd" | QUERIES: ["Prism Johnson Ltd" official website] | CANDIDATES: [https://prismjohnson.in] | SELECTED: "https://prismjohnson.in" | CONFIDENCE: HIGH | TIME: 0ms | REASON: Resolved via readymade-fallback
[2026-08-11T12:01:43.963Z] COMPANY: "Rain Industries Ltd" | QUERIES: ["Rain Industries Ltd" official website] | CANDIDATES: [https://rainbowshops.com] | SELECTED: "https://rainbowshops.com" | CONFIDENCE: HIGH | TIME: 0ms | REASON: Resolved via readymade-fallback
[2026-08-11T12:02:11.193Z] COMPANY: "AMJ Land Holdings Ltd" | QUERIES: ["AMJ Land Holdings Ltd" official website] | CANDIDATES: [https://amjlandscaping.com] | SELECTED: "https://amjlandscaping.com" | CONFIDENCE: HIGH | TIME: 0ms | REASON: Resolved via readymade-fallback
[2026-08-11T12:02:29.878Z] COMPANY: "Punjab Communications Ltd" | QUERIES: ["Punjab Communications Ltd" official website] | CANDIDATES: [https://puncom.com] | SELECTED: "https://puncom.com" | CONFIDENCE: HIGH | TIME: 0ms | REASON: Resolved via readymade-fallback
[2026-08-11T12:02:49.226Z] COMPANY: "RSWM Ltd" | QUERIES: ["RSWM Ltd" official website] | CANDIDATES: [https://rswm.in] | SELECTED: "https://rswm.in" | CONFIDENCE: HIGH | TIME: 0ms | REASON: Resolved via readymade-fallback
[2026-08-11T12:02:55.114Z] COMPANY: "Rajshree Sugars & Chemicals Ltd" | QUERIES: ["Rajshree Sugars & Chemicals Ltd" official website] | CANDIDATES: [https://rajshreesugars.com] | SELECTED: "https://rajshreesugars.com" | CONFIDENCE: HIGH | TIME: 0ms | REASON: Resolved via readymade-fallback
[2026-08-11T12:03:00.091Z] COMPANY: "Rallis India Ltd" | QUERIES: ["Rallis India Ltd" official website] | CANDIDATES: [https://rallis.com] | SELECTED: "https://rallis.com" | CONFIDENCE: HIGH | TIME: 0ms | REASON: Resolved via readymade-fallback
[2026-08-11T12:03:01.638Z] COMPANY: "Shree Rama Newsprint Ltd" | QUERIES: ["Shree Rama Newsprint Ltd" official website] | CANDIDATES: [https://ramanewsprint.com] | SELECTED: "https://ramanewsprint.com" | CONFIDENCE: HIGH | TIME: 0ms | REASON: Resolved via readymade-fallback
[2026-08-11T12:03:17.151Z] COMPANY: "Rama Paper Mills Ltd" | QUERIES: ["Rama Paper Mills Ltd" official website] | CANDIDATES: [https://ramapaper.com] | SELECTED: "https://ramapaper.com" | CONFIDENCE: HIGH | TIME: 0ms | REASON: Resolved via readymade-fallback
[2026-08-11T12:03:21.639Z] COMPANY: "Rapicut Carbides Ltd" | QUERIES: ["Rapicut Carbides Ltd" official website] | CANDIDATES: [https://rapicutcarbides.com] | SELECTED: "https://rapicutcarbides.com" | CONFIDENCE: HIGH | TIME: 0ms | REASON: Resolved via readymade-fallback
[2026-08-11T12:03:36.612Z] COMPANY: "Rubfila International Ltd" | QUERIES: ["Rubfila International Ltd" official website] | CANDIDATES: [https://rubfila.com] | SELECTED: "https://rubfila.com" | CONFIDENCE: HIGH | TIME: 0ms | REASON: Resolved via readymade-fallback
[2026-08-11T12:03:37.040Z] COMPANY: "Patanjali Foods Ltd" | QUERIES: ["Patanjali Foods Ltd" official website] | CANDIDATES: [https://patanjalifoods.com] | SELECTED: "https://patanjalifoods.com" | CONFIDENCE: HIGH | TIME: 0ms | REASON: Resolved via readymade-fallback
[2026-08-11T12:03:39.370Z] COMPANY: "Salora International Ltd" | QUERIES: ["Salora International Ltd" official website] | CANDIDATES: [https://salora.com] | SELECTED: "https://salora.com" | CONFIDENCE: HIGH | TIME: 0ms | REASON: Resolved via readymade-fallback
[2026-08-11T12:03:41.161Z] COMPANY: "Samtel India Ltd" | QUERIES: ["Samtel India Ltd" official website] | CANDIDATES: [https://samtel.co] | SELECTED: "https://samtel.co" | CONFIDENCE: HIGH | TIME: 0ms | REASON: Resolved via readymade-fallback
[2026-08-11T12:04:03.184Z] COMPANY: "Jindal Saw Ltd" | QUERIES: ["Jindal Saw Ltd" official website] | CANDIDATES: [https://jindalsaw.com] | SELECTED: "https://jindalsaw.com" | CONFIDENCE: HIGH | TIME: 0ms | REASON: Resolved via readymade-fallback
[2026-08-11T12:04:04.926Z] COMPANY: "JK Lakshmi Cement Ltd" | QUERIES: ["JK Lakshmi Cement Ltd" official website] | CANDIDATES: [https://jklakshmicement.com] | SELECTED: "https://jklakshmicement.com" | CONFIDENCE: HIGH | TIME: 0ms | REASON: Resolved via readymade-fallback
[2026-08-11T12:04:08.545Z] COMPANY: "Shree Cement Ltd" | QUERIES: ["Shree Cement Ltd" official website] | CANDIDATES: [https://shreecementlimited.com] | SELECTED: "https://shreecementlimited.com" | CONFIDENCE: HIGH | TIME: 0ms | REASON: Resolved via readymade-fallback
[2026-08-11T12:04:17.900Z] COMPANY: "Shree Krishna Paper Mills & Industries Ltd" | QUERIES: ["Shree Krishna Paper Mills & Industries Ltd" official website] | CANDIDATES: [https://skpmil.com] | SELECTED: "https://skpmil.com" | CONFIDENCE: HIGH | TIME: 0ms | REASON: Resolved via readymade-fallback
[2026-08-11T12:04:33.793Z] COMPANY: "Reliance Infrastructure Ltd" | QUERIES: ["Reliance Infrastructure Ltd" official website] | CANDIDATES: [https://rinfra.com] | SELECTED: "https://rinfra.com" | CONFIDENCE: HIGH | TIME: 0ms | REASON: Resolved via readymade-fallback
[2026-08-11T12:04:50.238Z] COMPANY: "Steelco Gujarat Ltd" | QUERIES: ["Steelco Gujarat Ltd" official website] | CANDIDATES: [https://steelcogujarat.com] | SELECTED: "https://steelcogujarat.com" | CONFIDENCE: HIGH | TIME: 0ms | REASON: Resolved via readymade-fallback
